#-----------------------------------------------------------
# Vivado v2020.2 (64-bit)
# SW Build 3064766 on Wed Nov 18 09:12:45 MST 2020
# IP Build 3064653 on Wed Nov 18 14:17:31 MST 2020
# Start of session at: Thu Apr 28 16:26:36 2022
# Process ID: 22944
# Current directory: F:/COA assignment/Pipelined-1
# Command line: vivado.exe -gui_launcher_event rodinguilauncherevent3220 F:\COA assignment\Pipelined-1\mips.xpr
# Log file: F:/COA assignment/Pipelined-1/vivado.log
# Journal file: F:/COA assignment/Pipelined-1\vivado.jou
#-----------------------------------------------------------
start_gui
open_project {F:/COA assignment/Pipelined-1/mips.xpr}
open_bd_design {F:/COA assignment/Pipelined-1/mips.srcs/sources_1/bd/mips/mips.bd}
update_compile_order -fileset sources_1
update_module_reference mips_controlLogic_0_0
delete_bd_objs [get_bd_nets DataPath/mux_3_muxOut]
delete_bd_objs [get_bd_nets DataPath/adder_1_adderOut]
connect_bd_net [get_bd_pins DataPath/adder_1/adderOut] [get_bd_pins DataPath/dff_14/d]
delete_bd_objs [get_bd_nets DataPath/dff_14_q]
connect_bd_net [get_bd_pins DataPath/dff_14/q] [get_bd_pins DataPath/mux_3/in1]
connect_bd_net [get_bd_pins DataPath/mux_3/muxOut] [get_bd_pins DataPath/mux_4/in0]
group_bd_cells IF_ID [get_bd_cells DataPath/dff_0] [get_bd_cells DataPath/dff_2]
group_bd_cells ID_EX [get_bd_cells DataPath/dff_5] [get_bd_cells DataPath/dff_23]
undo
undo
group_bd_cells MEM_WB [get_bd_cells DataPath/dff_24] [get_bd_cells DataPath/dff_25] [get_bd_cells DataPath/dff_13] [get_bd_cells DataPath/dff_11]
save_bd_design
group_bd_cells IF_ID [get_bd_cells DataPath/dff_2]
group_bd_cells EX_MEM [get_bd_cells DataPath/dff_21] [get_bd_cells DataPath/dff_19]
move_bd_cells [get_bd_cells DataPath/IF_ID] [get_bd_cells DataPath/dff_0]
group_bd_cells ID_EX [get_bd_cells DataPath/dff_6] [get_bd_cells DataPath/dff_22] [get_bd_cells DataPath/dff_29]
save_bd_design
set_property location {3 583 663} [get_bd_cells DataPath/dff_18]
move_bd_cells [get_bd_cells DataPath/ID_EX] [get_bd_cells DataPath/dff_18]
move_bd_cells [get_bd_cells DataPath/EX_MEM] [get_bd_cells DataPath/dff_30]
move_bd_cells [get_bd_cells DataPath/EX_MEM] [get_bd_cells DataPath/dff_14]
move_bd_cells [get_bd_cells DataPath/ID_EX] [get_bd_cells DataPath/dff_17]
move_bd_cells [get_bd_cells DataPath/ID_EX] [get_bd_cells DataPath/dff_8]
move_bd_cells [get_bd_cells DataPath/ID_EX] [get_bd_cells DataPath/dff_16]
move_bd_cells [get_bd_cells DataPath/EX_MEM] [get_bd_cells DataPath/dff_7]
move_bd_cells [get_bd_cells DataPath/ID_EX] [get_bd_cells DataPath/dff_4]
move_bd_cells [get_bd_cells DataPath/ID_EX] [get_bd_cells DataPath/dff_23]
move_bd_cells [get_bd_cells DataPath/ID_EX] [get_bd_cells DataPath/dff_5]
move_bd_cells [get_bd_cells DataPath/ID_EX] [get_bd_cells DataPath/dff_3]
move_bd_cells [get_bd_cells DataPath/ID_EX] [get_bd_cells DataPath/dff_26]
move_bd_cells [get_bd_cells DataPath/EX_MEM] [get_bd_cells DataPath/ID_EX/dff_26] [get_bd_cells DataPath/dff_20] [get_bd_cells DataPath/dff_12]
move_bd_cells [get_bd_cells DataPath/EX_MEM] [get_bd_cells DataPath/dff_20]
move_bd_cells [get_bd_cells DataPath/EX_MEM] [get_bd_cells DataPath/dff_12]
move_bd_cells [get_bd_cells DataPath/EX_MEM] [get_bd_cells DataPath/dff_10]
move_bd_cells [get_bd_cells DataPath/EX_MEM] [get_bd_cells DataPath/dff_27]
move_bd_cells [get_bd_cells DataPath/EX_MEM] [get_bd_cells DataPath/dff_28]
move_bd_cells [get_bd_cells DataPath/ID_EX] [get_bd_cells DataPath/dff_1]
regenerate_bd_layout -hierarchy [get_bd_cells DataPath]
move_bd_cells [get_bd_cells DataPath/ID_EX] [get_bd_cells DataPath/dff_15]
regenerate_bd_layout -hierarchy [get_bd_cells DataPath]
move_bd_cells [get_bd_cells DataPath/MEM_WB] [get_bd_cells DataPath/dff_9]
regenerate_bd_layout -hierarchy [get_bd_cells DataPath]
save_bd_design
