#-----------------------------------------------------------
# Vivado v2020.2 (64-bit)
# SW Build 3064766 on Wed Nov 18 09:12:45 MST 2020
# IP Build 3064653 on Wed Nov 18 14:17:31 MST 2020
# Start of session at: Sun Apr 17 23:48:46 2022
# Process ID: 9504
# Current directory: E:/COA_assign/Assignment 2 - Team  6/Jump-Pipelined
# Command line: vivado.exe -gui_launcher_event rodinguilauncherevent29724 E:\COA_assign\Assignment 2 - Team  6\Jump-Pipelined\mips.xpr
# Log file: E:/COA_assign/Assignment 2 - Team  6/Jump-Pipelined/vivado.log
# Journal file: E:/COA_assign/Assignment 2 - Team  6/Jump-Pipelined\vivado.jou
#-----------------------------------------------------------
start_gui
open_project {E:/COA_assign/Assignment 2 - Team  6/Jump-Pipelined/mips.xpr}
open_bd_design {E:/COA_assign/Assignment 2 - Team  6/Jump-Pipelined/mips.srcs/sources_1/bd/mips/mips.bd}
update_compile_order -fileset sources_1
close [ open {E:/COA_assign/Assignment 2 - Team  6/Jump-Pipelined/mips.srcs/sources_1/new/AND_gate.v} w ]
add_files {{E:/COA_assign/Assignment 2 - Team  6/Jump-Pipelined/mips.srcs/sources_1/new/AND_gate.v}}
update_compile_order -fileset sources_1
create_bd_cell -type module -reference dff DataPath/dff_26
move_bd_cells [get_bd_cells /] [get_bd_cells DataPath/dff_26]
set_property location {2 1607 -19728} [get_bd_cells dff_26]
move_bd_cells [get_bd_cells DataPath] [get_bd_cells dff_26]
move_bd_cells [get_bd_cells /] [get_bd_cells DataPath/dff_26]
move_bd_cells [get_bd_cells DataPath] [get_bd_cells dff_26]
move_bd_cells [get_bd_cells /] [get_bd_cells DataPath/dff_26]
move_bd_cells [get_bd_cells DataPath] [get_bd_cells dff_26]
create_bd_cell -type module -reference dff DataPath/dff_27
move_bd_cells [get_bd_cells /] [get_bd_cells DataPath/dff_27]
move_bd_cells [get_bd_cells DataPath] [get_bd_cells dff_27]
create_bd_cell -type module -reference dff DataPath/dff_28
move_bd_cells [get_bd_cells /] [get_bd_cells DataPath/dff_28]
move_bd_cells [get_bd_cells DataPath] [get_bd_cells dff_28]
set_property location {1 186 -18651} [get_bd_cells controlLogic_0]
delete_bd_objs [get_bd_nets DataPath/controlLogic_0_pcSrc]
connect_bd_net [get_bd_pins DataPath/ctrl3] [get_bd_pins DataPath/dff_26/d]
connect_bd_net [get_bd_pins DataPath/dff_26/q] [get_bd_pins DataPath/dff_28/d]
connect_bd_net [get_bd_pins DataPath/alu_0/zeroFlag] [get_bd_pins DataPath/dff_27/d]
connect_bd_net [get_bd_pins DataPath/in_clock] [get_bd_pins DataPath/dff_26/i_clk]
connect_bd_net [get_bd_pins DataPath/in_clock] [get_bd_pins DataPath/dff_28/i_clk]
connect_bd_net [get_bd_pins DataPath/in_clock] [get_bd_pins DataPath/dff_27/i_clk]
create_bd_cell -type module -reference AND_gate DataPath/AND_gate_0
connect_bd_net [get_bd_pins DataPath/dff_28/q] [get_bd_pins DataPath/AND_gate_0/A]
connect_bd_net [get_bd_pins DataPath/dff_27/q] [get_bd_pins DataPath/AND_gate_0/B]
connect_bd_net [get_bd_pins DataPath/AND_gate_0/C] [get_bd_pins DataPath/mux_3/ctrl]
create_bd_cell -type module -reference dff DataPath/dff_29
create_bd_cell -type module -reference dff DataPath/dff_30
delete_bd_objs [get_bd_nets DataPath/ctrl4_1]
connect_bd_net [get_bd_pins DataPath/ctrl4] [get_bd_pins DataPath/dff_29/i_clk]
delete_bd_objs [get_bd_nets DataPath/ctrl4_1]
connect_bd_net [get_bd_pins DataPath/ctrl4] [get_bd_pins DataPath/dff_29/d]
connect_bd_net [get_bd_pins DataPath/dff_29/q] [get_bd_pins DataPath/dff_30/d]
connect_bd_net [get_bd_pins DataPath/dff_30/q] [get_bd_pins DataPath/mux_4/ctrl]
connect_bd_net [get_bd_pins DataPath/in_clock] [get_bd_pins DataPath/dff_29/i_clk]
connect_bd_net [get_bd_pins DataPath/in_clock] [get_bd_pins DataPath/dff_30/i_clk]
save_bd_design
update_compile_order -fileset sources_1
